Information: Updating design information... (UID-85)
Warning: Design 'TOP' contains 1 high-fanout nets. A fanout number of 1000 will be used for delay calculations involving these nets. (TIM-134)
 
****************************************
Report : timing
        -path full
        -delay max
        -max_paths 1
Design : TOP
Version: N-2017.09-SP2
Date   : Sun Jun 23 16:45:11 2019
****************************************

 # A fanout number of 1000 was used for high fanout net computations.

Operating Conditions: slow   Library: slow
Wire Load Model Mode: top

  Startpoint: PEs_val_unit_PE0_CORDIC0_X_reg_reg_1__12_
              (rising edge-triggered flip-flop clocked by clk)
  Endpoint: PEs_val_unit_PE0_CORDIC1_X_reg_reg_2__18_
            (rising edge-triggered flip-flop clocked by clk)
  Path Group: clk
  Path Type: max

  Des/Clust/Port     Wire Load Model       Library
  ------------------------------------------------
  TOP                tsmc13_wl10           slow

  Point                                                   Incr       Path
  --------------------------------------------------------------------------
  clock clk (rise edge)                                   0.00       0.00
  clock network delay (ideal)                             0.50       0.50
  PEs_val_unit_PE0_CORDIC0_X_reg_reg_1__12_/CK (DFFRX4)
                                                          0.00 #     0.50 r
  PEs_val_unit_PE0_CORDIC0_X_reg_reg_1__12_/Q (DFFRX4)
                                                          0.29       0.79 r
  U69246/Y (BUFX8)                                        0.11       0.90 r
  U82959/Y (NOR2X4)                                       0.06       0.96 f
  U20809/Y (NOR2X6)                                       0.14       1.10 r
  U85176/Y (NAND2X6)                                      0.07       1.17 f
  U33687/Y (OR2X4)                                        0.12       1.29 f
  U20393/Y (NOR2X6)                                       0.09       1.38 r
  U20167/Y (NAND2X4)                                      0.06       1.45 f
  U44959/Y (NAND2X8)                                      0.10       1.55 r
  U40707/Y (NAND2X6)                                      0.06       1.61 f
  U45649/Y (OAI2BB1X4)                                    0.15       1.76 f
  U23274/Y (NOR2X4)                                       0.09       1.84 r
  U41372/Y (NOR2X6)                                       0.05       1.90 f
  U43867/Y (NAND3X8)                                      0.08       1.98 r
  U42732/Y (BUFX20)                                       0.09       2.07 r
  U56378/Y (XNOR2X4)                                      0.10       2.17 r
  U43211/Y (INVX16)                                       0.08       2.25 f
  U70068/Y (INVX20)                                       0.08       2.32 r
  U46288/Y (NAND2X4)                                      0.05       2.38 f
  U77943/Y (AND2X4)                                       0.12       2.50 f
  U18480/Y (INVX6)                                        0.06       2.56 r
  U75246/Y (NOR2X4)                                       0.05       2.61 f
  U70043/Y (OAI21X4)                                      0.07       2.67 r
  U43081/Y (NOR2X8)                                       0.08       2.75 f
  U74463/Y (OAI21X4)                                      0.09       2.85 r
  U87120/Y (XNOR2X4)                                      0.13       2.97 r
  U87160/Y (BUFX20)                                       0.13       3.11 r
  U17391/Y (NOR2X4)                                       0.06       3.17 f
  U61834/Y (NOR2X6)                                       0.11       3.28 r
  U87200/Y (NAND2X6)                                      0.08       3.36 f
  U27019/Y (NOR2X1)                                       0.15       3.51 r
  U67960/Y (OAI2BB1X4)                                    0.12       3.63 r
  U67959/Y (XNOR2X4)                                      0.08       3.71 r
  U67958/Y (NAND2X4)                                      0.07       3.78 f
  U50250/Y (NAND2X8)                                      0.11       3.89 r
  U16183/Y (BUFX4)                                        0.16       4.05 r
  U75240/Y (NOR2X4)                                       0.08       4.12 f
  U87246/Y (INVX3)                                        0.08       4.20 r
  U87258/Y (NAND2X4)                                      0.08       4.29 f
  U33858/Y (NOR2X4)                                       0.09       4.38 r
  U75238/Y (NAND2X1)                                      0.11       4.48 f
  U44371/Y (OAI21X4)                                      0.11       4.59 r
  U56612/Y (XNOR2X4)                                      0.10       4.69 f
  U43887/Y (NAND2X4)                                      0.07       4.76 r
  U43886/Y (NAND2X8)                                      0.07       4.83 f
  U44374/Y (BUFX16)                                       0.12       4.95 f
  U81827/Y (NAND2X2)                                      0.11       5.06 r
  U71860/Y (NAND2X2)                                      0.10       5.16 f
  U66680/Y (NOR2X8)                                       0.10       5.26 r
  U63696/Y (NAND2X2)                                      0.07       5.33 f
  U87851/Y (AOI21X4)                                      0.17       5.50 r
  U81823/Y (OAI21X4)                                      0.07       5.56 f
  U81822/Y (XNOR2X4)                                      0.08       5.65 f
  U71686/Y (NAND2X4)                                      0.06       5.71 r
  U81821/Y (NAND4X2)                                      0.06       5.77 f
  PEs_val_unit_PE0_CORDIC1_X_reg_reg_2__18_/D (DFFRX1)
                                                          0.00       5.77 f
  data arrival time                                                  5.77

  clock clk (rise edge)                                   5.50       5.50
  clock network delay (ideal)                             0.50       6.00
  clock uncertainty                                      -0.10       5.90
  PEs_val_unit_PE0_CORDIC1_X_reg_reg_2__18_/CK (DFFRX1)
                                                          0.00       5.90 r
  library setup time                                     -0.13       5.77
  data required time                                                 5.77
  --------------------------------------------------------------------------
  data required time                                                 5.77
  data arrival time                                                 -5.77
  --------------------------------------------------------------------------
  slack (MET)                                                        0.00


1
